******************************************************************************
                  MSP430 Linker PC v20.2.5                     
******************************************************************************
>> Linked Sun Nov 28 21:06:59 2021

OUTPUT FILE NAME:   <Prueba_Fuentes_Control.out>
ENTRY POINT SYMBOL: "_c_int00_noargs"  address: 0000c0a8


MEMORY CONFIGURATION

         name            origin    length      used     unused   attr    fill
----------------------  --------  ---------  --------  --------  ----  --------
  SFR                   00000000   00000010  00000000  00000010  RWIX
  PERIPHERALS_8BIT      00000010   000000f0  00000000  000000f0  RWIX
  PERIPHERALS_16BIT     00000100   00000100  00000000  00000100  RWIX
  INFOD                 00001800   00000080  00000000  00000080  RWIX
  INFOC                 00001880   00000080  00000000  00000080  RWIX
  INFOB                 00001900   00000080  00000000  00000080  RWIX
  INFOA                 00001980   00000080  00000000  00000080  RWIX
  RAM                   00001c00   00008000  000001b0  00007e50  RWIX
  FLASH                 0000c000   00003f80  000000fa  00003e86  RWIX
  INT00                 0000ff80   00000002  00000000  00000002  RWIX
  INT01                 0000ff82   00000002  00000000  00000002  RWIX
  INT02                 0000ff84   00000002  00000000  00000002  RWIX
  INT03                 0000ff86   00000002  00000000  00000002  RWIX
  INT04                 0000ff88   00000002  00000000  00000002  RWIX
  INT05                 0000ff8a   00000002  00000000  00000002  RWIX
  INT06                 0000ff8c   00000002  00000000  00000002  RWIX
  INT07                 0000ff8e   00000002  00000000  00000002  RWIX
  INT08                 0000ff90   00000002  00000000  00000002  RWIX
  INT09                 0000ff92   00000002  00000000  00000002  RWIX
  INT10                 0000ff94   00000002  00000000  00000002  RWIX
  INT11                 0000ff96   00000002  00000000  00000002  RWIX
  INT12                 0000ff98   00000002  00000000  00000002  RWIX
  INT13                 0000ff9a   00000002  00000000  00000002  RWIX
  INT14                 0000ff9c   00000002  00000000  00000002  RWIX
  INT15                 0000ff9e   00000002  00000000  00000002  RWIX
  INT16                 0000ffa0   00000002  00000000  00000002  RWIX
  INT17                 0000ffa2   00000002  00000000  00000002  RWIX
  INT18                 0000ffa4   00000002  00000000  00000002  RWIX
  INT19                 0000ffa6   00000002  00000000  00000002  RWIX
  INT20                 0000ffa8   00000002  00000000  00000002  RWIX
  INT21                 0000ffaa   00000002  00000000  00000002  RWIX
  INT22                 0000ffac   00000002  00000000  00000002  RWIX
  INT23                 0000ffae   00000002  00000000  00000002  RWIX
  INT24                 0000ffb0   00000002  00000000  00000002  RWIX
  INT25                 0000ffb2   00000002  00000000  00000002  RWIX
  INT26                 0000ffb4   00000002  00000000  00000002  RWIX
  INT27                 0000ffb6   00000002  00000000  00000002  RWIX
  INT28                 0000ffb8   00000002  00000000  00000002  RWIX
  INT29                 0000ffba   00000002  00000000  00000002  RWIX
  INT30                 0000ffbc   00000002  00000000  00000002  RWIX
  INT31                 0000ffbe   00000002  00000000  00000002  RWIX
  INT32                 0000ffc0   00000002  00000000  00000002  RWIX
  INT33                 0000ffc2   00000002  00000000  00000002  RWIX
  INT34                 0000ffc4   00000002  00000000  00000002  RWIX
  INT35                 0000ffc6   00000002  00000000  00000002  RWIX
  INT36                 0000ffc8   00000002  00000002  00000000  RWIX
  INT37                 0000ffca   00000002  00000002  00000000  RWIX
  INT38                 0000ffcc   00000002  00000002  00000000  RWIX
  INT39                 0000ffce   00000002  00000002  00000000  RWIX
  INT40                 0000ffd0   00000002  00000002  00000000  RWIX
  INT41                 0000ffd2   00000002  00000002  00000000  RWIX
  INT42                 0000ffd4   00000002  00000002  00000000  RWIX
  INT43                 0000ffd6   00000002  00000002  00000000  RWIX
  INT44                 0000ffd8   00000002  00000002  00000000  RWIX
  INT45                 0000ffda   00000002  00000002  00000000  RWIX
  INT46                 0000ffdc   00000002  00000002  00000000  RWIX
  INT47                 0000ffde   00000002  00000002  00000000  RWIX
  INT48                 0000ffe0   00000002  00000002  00000000  RWIX
  INT49                 0000ffe2   00000002  00000002  00000000  RWIX
  INT50                 0000ffe4   00000002  00000002  00000000  RWIX
  INT51                 0000ffe6   00000002  00000002  00000000  RWIX
  INT52                 0000ffe8   00000002  00000002  00000000  RWIX
  INT53                 0000ffea   00000002  00000002  00000000  RWIX
  INT54                 0000ffec   00000002  00000002  00000000  RWIX
  INT55                 0000ffee   00000002  00000002  00000000  RWIX
  INT56                 0000fff0   00000002  00000002  00000000  RWIX
  INT57                 0000fff2   00000002  00000002  00000000  RWIX
  INT58                 0000fff4   00000002  00000002  00000000  RWIX
  INT59                 0000fff6   00000002  00000002  00000000  RWIX
  INT60                 0000fff8   00000002  00000002  00000000  RWIX
  INT61                 0000fffa   00000002  00000002  00000000  RWIX
  INT62                 0000fffc   00000002  00000002  00000000  RWIX
  RESET                 0000fffe   00000002  00000002  00000000  RWIX
  FLASH2                00010000   0003bff8  00000b40  0003b4b8  RWIX


SECTION ALLOCATION MAP

 output                                  attributes/
section   page    origin      length       input sections
--------  ----  ----------  ----------   ----------------
.bss       0    00001c00    000000f6     UNINITIALIZED
                  00001c00    00000036     (.common:reg_falla_ant)
                  00001c36    00000030     (.common:contador)
                  00001c66    00000030     (.common:reg_corr)
                  00001c96    00000030     (.common:reg_falla)
                  00001cc6    00000030     (.common:reg_rele)

.data      0    00001cf6    0000001a     UNINITIALIZED
                  00001cf6    0000001a     control.obj (.data)

.stack     0    00009b60    000000a0     UNINITIALIZED
                  00009b60    00000004     rts430x_lc_rd_eabi.lib : boot.c.obj (.stack)
                  00009b64    0000009c     --HOLE--

.text:_isr 
*          0    0000c000    000000cc     
                  0000c000    00000082     control.obj (.text:_isr:TIMER1_A0_ISR)
                  0000c082    00000026     control.obj (.text:_isr:USCI0TX_ISR)
                  0000c0a8    0000001c     rts430x_lc_rd_eabi.lib : boot.c.obj (.text:_isr:_c_int00_noargs)
                  0000c0c4    00000008                            : isr_trap.asm.obj (.text:_isr:__TI_ISR_TRAP)

.cinit     0    0000c0cc    0000002e     
                  0000c0cc    0000000c     (.cinit..data.load) [load image, compression = lzss]
                  0000c0d8    0000000c     (__TI_handler_table)
                  0000c0e4    00000006     (.cinit..bss.load) [load image, compression = zero_init]
                  0000c0ea    00000010     (__TI_cinit_table)

.binit     0    0000c000    00000000     

.init_array 
*          0    0000c000    00000000     UNINITIALIZED

AES        0    0000ffc8    00000002     
                  0000ffc8    00000002     rts430x_lc_rd_eabi.lib : int36.asm.obj (.int36)

COMP_B     0    0000ffca    00000002     
                  0000ffca    00000002     rts430x_lc_rd_eabi.lib : int37.asm.obj (.int37)

RTC        0    0000ffcc    00000002     
                  0000ffcc    00000002     rts430x_lc_rd_eabi.lib : int38.asm.obj (.int38)

LCD_C      0    0000ffce    00000002     
                  0000ffce    00000002     rts430x_lc_rd_eabi.lib : int39.asm.obj (.int39)

TIMER3_A1 
*          0    0000ffd0    00000002     
                  0000ffd0    00000002     rts430x_lc_rd_eabi.lib : int40.asm.obj (.int40)

TIMER3_A0 
*          0    0000ffd2    00000002     
                  0000ffd2    00000002     rts430x_lc_rd_eabi.lib : int41.asm.obj (.int41)

PORT2      0    0000ffd4    00000002     
                  0000ffd4    00000002     rts430x_lc_rd_eabi.lib : int42.asm.obj (.int42)

TIMER2_A1 
*          0    0000ffd6    00000002     
                  0000ffd6    00000002     rts430x_lc_rd_eabi.lib : int43.asm.obj (.int43)

TIMER2_A0 
*          0    0000ffd8    00000002     
                  0000ffd8    00000002     rts430x_lc_rd_eabi.lib : int44.asm.obj (.int44)

PORT1      0    0000ffda    00000002     
                  0000ffda    00000002     rts430x_lc_rd_eabi.lib : int45.asm.obj (.int45)

USCI_B1    0    0000ffdc    00000002     
                  0000ffdc    00000002     rts430x_lc_rd_eabi.lib : int46.asm.obj (.int46)

USCI_A3    0    0000ffde    00000002     
                  0000ffde    00000002     rts430x_lc_rd_eabi.lib : int47.asm.obj (.int47)

TIMER1_A1 
*          0    0000ffe0    00000002     
                  0000ffe0    00000002     rts430x_lc_rd_eabi.lib : int48.asm.obj (.int48)

TIMER1_A0 
*          0    0000ffe2    00000002     
                  0000ffe2    00000002     control.obj (.int49)

DMA        0    0000ffe4    00000002     
                  0000ffe4    00000002     rts430x_lc_rd_eabi.lib : int50.asm.obj (.int50)

AUX        0    0000ffe6    00000002     
                  0000ffe6    00000002     rts430x_lc_rd_eabi.lib : int51.asm.obj (.int51)

USCI_A2    0    0000ffe8    00000002     
                  0000ffe8    00000002     rts430x_lc_rd_eabi.lib : int52.asm.obj (.int52)

USCI_A1    0    0000ffea    00000002     
                  0000ffea    00000002     rts430x_lc_rd_eabi.lib : int53.asm.obj (.int53)

TIMER0_A1 
*          0    0000ffec    00000002     
                  0000ffec    00000002     rts430x_lc_rd_eabi.lib : int54.asm.obj (.int54)

TIMER0_A0 
*          0    0000ffee    00000002     
                  0000ffee    00000002     rts430x_lc_rd_eabi.lib : int55.asm.obj (.int55)

SD24B      0    0000fff0    00000002     
                  0000fff0    00000002     rts430x_lc_rd_eabi.lib : int56.asm.obj (.int56)

ADC10      0    0000fff2    00000002     
                  0000fff2    00000002     rts430x_lc_rd_eabi.lib : int57.asm.obj (.int57)

USCI_B0    0    0000fff4    00000002     
                  0000fff4    00000002     rts430x_lc_rd_eabi.lib : int58.asm.obj (.int58)

USCI_A0    0    0000fff6    00000002     
                  0000fff6    00000002     control.obj (.int59)

WDT        0    0000fff8    00000002     
                  0000fff8    00000002     rts430x_lc_rd_eabi.lib : int60.asm.obj (.int60)

UNMI       0    0000fffa    00000002     
                  0000fffa    00000002     rts430x_lc_rd_eabi.lib : int61.asm.obj (.int61)

SYSNMI     0    0000fffc    00000002     
                  0000fffc    00000002     rts430x_lc_rd_eabi.lib : int62.asm.obj (.int62)

.reset     0    0000fffe    00000002     
                  0000fffe    00000002     rts430x_lc_rd_eabi.lib : boot.c.obj (.reset)

.text      0    00010000    00000b40     
                  00010000    0000036c     control.obj (.text:encender_apagar_rele)
                  0001036c    0000033c     control.obj (.text:main)
                  000106a8    00000320     control.obj (.text:enviar_falla)
                  000109c8    00000076     rts430x_lc_rd_eabi.lib : copy_decompress_lzss.c.obj (.text:decompress:lzss:__TI_decompress_lzss)
                  00010a3e    00000058     control.obj (.text:inicializacion_osciladores)
                  00010a96    00000054     rts430x_lc_rd_eabi.lib : autoinit.c.obj (.text:__TI_auto_init_nobinit_nopinit_hold_wdt:__TI_auto_init_nobinit_nopinit_hold_wdt)
                  00010aea    00000024                            : copy_zero_init.c.obj (.text:decompress:ZI:__TI_zero_init_nomemset:__TI_zero_init_nomemset)
                  00010b0e    00000014                            : memcpy.c.obj (.text:memcpy)
                  00010b22    00000012                            : copy_decompress_none.c.obj (.text:decompress:none:__TI_decompress_none)
                  00010b34    00000006                            : exit.c.obj (.text:abort)
                  00010b3a    00000004                            : pre_init.c.obj (.text:_system_pre_init)
                  00010b3e    00000002                            : startup.c.obj (.text:_system_post_cinit)

MODULE SUMMARY

       Module                       code   ro data   rw data
       ------                       ----   -------   -------
    .\
       control.obj                  2760   4         272    
    +--+----------------------------+------+---------+---------+
       Total:                       2760   4         272    
                                                            
    C:\ti\ccs1040\ccs\tools\compiler\ti-cgt-msp430_20.2.5.LTS\lib\rts430x_lc_rd_eabi.lib
       copy_decompress_lzss.c.obj   118    0         0      
       autoinit.c.obj               84     0         0      
       copy_zero_init.c.obj         36     0         0      
       boot.c.obj                   28     2         0      
       memcpy.c.obj                 20     0         0      
       copy_decompress_none.c.obj   18     0         0      
       isr_trap.asm.obj             8      0         0      
       exit.c.obj                   6      0         0      
       pre_init.c.obj               4      0         0      
       int36.asm.obj                0      2         0      
       int37.asm.obj                0      2         0      
       int38.asm.obj                0      2         0      
       int39.asm.obj                0      2         0      
       int40.asm.obj                0      2         0      
       int41.asm.obj                0      2         0      
       int42.asm.obj                0      2         0      
       int43.asm.obj                0      2         0      
       int44.asm.obj                0      2         0      
       int45.asm.obj                0      2         0      
       int46.asm.obj                0      2         0      
       int47.asm.obj                0      2         0      
       int48.asm.obj                0      2         0      
       int50.asm.obj                0      2         0      
       int51.asm.obj                0      2         0      
       int52.asm.obj                0      2         0      
       int53.asm.obj                0      2         0      
       int54.asm.obj                0      2         0      
       int55.asm.obj                0      2         0      
       int56.asm.obj                0      2         0      
       int57.asm.obj                0      2         0      
       int58.asm.obj                0      2         0      
       int60.asm.obj                0      2         0      
       int61.asm.obj                0      2         0      
       int62.asm.obj                0      2         0      
       startup.c.obj                2      0         0      
    +--+----------------------------+------+---------+---------+
       Total:                       324    52        0      
                                                            
       Stack:                       0      0         160    
       Linker Generated:            0      46        0      
    +--+----------------------------+------+---------+---------+
       Grand Total:                 3084   102       432    


LINKER GENERATED COPY TABLES

__TI_cinit_table @ 0000c0ea records: 2, size/record: 8, table size: 16
	.data: load addr=0000c0cc, load size=0000000c bytes, run addr=00001cf6, run size=0000001a bytes, compression=lzss
	.bss: load addr=0000c0e4, load size=00000006 bytes, run addr=00001c00, run size=000000f6 bytes, compression=zero_init


LINKER GENERATED HANDLER TABLE

__TI_handler_table @ 0000c0d8 records: 3, size/record: 4, table size: 12
	index: 0, handler: __TI_zero_init
	index: 1, handler: __TI_decompress_lzss
	index: 2, handler: __TI_decompress_none


GLOBAL SYMBOLS: SORTED ALPHABETICALLY BY Name 

address   name                                   
-------   ----                                   
00000740  ADC10CTL0                              
00000741  ADC10CTL0_H                            
00000740  ADC10CTL0_L                            
00000742  ADC10CTL1                              
00000743  ADC10CTL1_H                            
00000742  ADC10CTL1_L                            
00000744  ADC10CTL2                              
00000745  ADC10CTL2_H                            
00000744  ADC10CTL2_L                            
00000748  ADC10HI                                
00000749  ADC10HI_H                              
00000748  ADC10HI_L                              
0000075a  ADC10IE                                
0000075b  ADC10IE_H                              
0000075a  ADC10IE_L                              
0000075c  ADC10IFG                               
0000075d  ADC10IFG_H                             
0000075c  ADC10IFG_L                             
0000075e  ADC10IV                                
0000075f  ADC10IV_H                              
0000075e  ADC10IV_L                              
00000746  ADC10LO                                
00000747  ADC10LO_H                              
00000746  ADC10LO_L                              
0000074a  ADC10MCTL0                             
0000074b  ADC10MCTL0_H                           
0000074a  ADC10MCTL0_L                           
00000752  ADC10MEM0                              
00000753  ADC10MEM0_H                            
00000752  ADC10MEM0_L                            
000009c0  AESACTL0                               
000009c1  AESACTL0_H                             
000009c0  AESACTL0_L                             
000009c8  AESADIN                                
000009c9  AESADIN_H                              
000009c8  AESADIN_L                              
000009ca  AESADOUT                               
000009cb  AESADOUT_H                             
000009ca  AESADOUT_L                             
000009c6  AESAKEY                                
000009c7  AESAKEY_H                              
000009c6  AESAKEY_L                              
000009c4  AESASTAT                               
000009c5  AESASTAT_H                             
000009c4  AESASTAT_L                             
000009f2  AUX2CHCTL                              
000009f3  AUX2CHCTL_H                            
000009f2  AUX2CHCTL_L                            
000009f4  AUX3CHCTL                              
000009f5  AUX3CHCTL_H                            
000009f4  AUX3CHCTL_L                            
000009f6  AUXADCCTL                              
000009f7  AUXADCCTL_H                            
000009f6  AUXADCCTL_L                            
000009e0  AUXCTL0                                
000009e1  AUXCTL0_H                              
000009e0  AUXCTL0_L                              
000009e2  AUXCTL1                                
000009e3  AUXCTL1_H                              
000009e2  AUXCTL1_L                              
000009e4  AUXCTL2                                
000009e5  AUXCTL2_H                              
000009e4  AUXCTL2_L                              
000009fc  AUXIE                                  
000009fd  AUXIE_H                                
000009fc  AUXIE_L                                
000009fa  AUXIFG                                 
000009fb  AUXIFG_H                               
000009fa  AUXIFG_L                               
000009fe  AUXIV                                  
000009ff  AUXIV_H                                
000009fe  AUXIV_L                                
00000480  BAKMEM0                                
00000481  BAKMEM0_H                              
00000480  BAKMEM0_L                              
00000482  BAKMEM1                                
00000483  BAKMEM1_H                              
00000482  BAKMEM1_L                              
00000484  BAKMEM2                                
00000485  BAKMEM2_H                              
00000484  BAKMEM2_L                              
00000486  BAKMEM3                                
00000487  BAKMEM3_H                              
00000486  BAKMEM3_L                              
00000c9e  BCD2BIN                                
00000c9c  BIN2BCD                                
00010b34  C$$EXIT                                
000008c0  CBCTL0                                 
000008c1  CBCTL0_H                               
000008c0  CBCTL0_L                               
000008c2  CBCTL1                                 
000008c3  CBCTL1_H                               
000008c2  CBCTL1_L                               
000008c4  CBCTL2                                 
000008c5  CBCTL2_H                               
000008c4  CBCTL2_L                               
000008c6  CBCTL3                                 
000008c7  CBCTL3_H                               
000008c6  CBCTL3_L                               
000008cc  CBINT                                  
000008cd  CBINT_H                                
000008cc  CBINT_L                                
000008ce  CBIV                                   
00000150  CRCDI                                  
00000152  CRCDIRB                                
00000153  CRCDIRB_H                              
00000152  CRCDIRB_L                              
00000151  CRCDI_H                                
00000150  CRCDI_L                                
00000154  CRCINIRES                              
00000155  CRCINIRES_H                            
00000154  CRCINIRES_L                            
00000156  CRCRESR                                
00000157  CRCRESR_H                              
00000156  CRCRESR_L                              
00000510  DMA0CTL                                
00000516  DMA0DA                                 
00000518  DMA0DAH                                
00000516  DMA0DAL                                
00000512  DMA0SA                                 
00000514  DMA0SAH                                
00000512  DMA0SAL                                
0000051a  DMA0SZ                                 
00000520  DMA1CTL                                
00000526  DMA1DA                                 
00000528  DMA1DAH                                
00000526  DMA1DAL                                
00000522  DMA1SA                                 
00000524  DMA1SAH                                
00000522  DMA1SAL                                
0000052a  DMA1SZ                                 
00000530  DMA2CTL                                
00000536  DMA2DA                                 
00000538  DMA2DAH                                
00000536  DMA2DAL                                
00000532  DMA2SA                                 
00000534  DMA2SAH                                
00000532  DMA2SAL                                
0000053a  DMA2SZ                                 
00000500  DMACTL0                                
00000502  DMACTL1                                
00000504  DMACTL2                                
00000506  DMACTL3                                
00000508  DMACTL4                                
0000050e  DMAIV                                  
00000140  FCTL1                                  
00000141  FCTL1_H                                
00000140  FCTL1_L                                
00000144  FCTL3                                  
00000145  FCTL3_H                                
00000144  FCTL3_L                                
00000146  FCTL4                                  
00000147  FCTL4_H                                
00000146  FCTL4_L                                
00000a40  LCDBM1                                 
00000a49  LCDBM10                                
00000a4a  LCDBM11                                
00000a4b  LCDBM12                                
00000a4c  LCDBM13                                
00000a4d  LCDBM14                                
00000a4e  LCDBM15                                
00000a4f  LCDBM16                                
00000a50  LCDBM17                                
00000a51  LCDBM18                                
00000a52  LCDBM19                                
00000a41  LCDBM2                                 
00000a53  LCDBM20                                
00000a42  LCDBM3                                 
00000a43  LCDBM4                                 
00000a44  LCDBM5                                 
00000a45  LCDBM6                                 
00000a46  LCDBM7                                 
00000a47  LCDBM8                                 
00000a48  LCDBM9                                 
00000a04  LCDCBLKCTL                             
00000a05  LCDCBLKCTL_H                           
00000a04  LCDCBLKCTL_L                           
00000a12  LCDCCPCTL                              
00000a13  LCDCCPCTL_H                            
00000a12  LCDCCPCTL_L                            
00000a00  LCDCCTL0                               
00000a01  LCDCCTL0_H                             
00000a00  LCDCCTL0_L                             
00000a02  LCDCCTL1                               
00000a03  LCDCCTL1_H                             
00000a02  LCDCCTL1_L                             
00000a1e  LCDCIV                                 
00000a06  LCDCMEMCTL                             
00000a07  LCDCMEMCTL_H                           
00000a06  LCDCMEMCTL_L                           
00000a0a  LCDCPCTL0                              
00000a0b  LCDCPCTL0_H                            
00000a0a  LCDCPCTL0_L                            
00000a0c  LCDCPCTL1                              
00000a0d  LCDCPCTL1_H                            
00000a0c  LCDCPCTL1_L                            
00000a0e  LCDCPCTL2                              
00000a0f  LCDCPCTL2_H                            
00000a0e  LCDCPCTL2_L                            
00000a08  LCDCVCTL                               
00000a09  LCDCVCTL_H                             
00000a08  LCDCVCTL_L                             
00000a20  LCDM1                                  
00000a29  LCDM10                                 
00000a2a  LCDM11                                 
00000a2b  LCDM12                                 
00000a2c  LCDM13                                 
00000a2d  LCDM14                                 
00000a2e  LCDM15                                 
00000a2f  LCDM16                                 
00000a30  LCDM17                                 
00000a31  LCDM18                                 
00000a32  LCDM19                                 
00000a21  LCDM2                                  
00000a33  LCDM20                                 
00000a34  LCDM21                                 
00000a35  LCDM22                                 
00000a36  LCDM23                                 
00000a37  LCDM24                                 
00000a38  LCDM25                                 
00000a39  LCDM26                                 
00000a3a  LCDM27                                 
00000a3b  LCDM28                                 
00000a3c  LCDM29                                 
00000a22  LCDM3                                  
00000a3d  LCDM30                                 
00000a3e  LCDM31                                 
00000a3f  LCDM32                                 
00000a40  LCDM33                                 
00000a41  LCDM34                                 
00000a42  LCDM35                                 
00000a43  LCDM36                                 
00000a44  LCDM37                                 
00000a45  LCDM38                                 
00000a46  LCDM39                                 
00000a23  LCDM4                                  
00000a47  LCDM40                                 
00000a24  LCDM5                                  
00000a25  LCDM6                                  
00000a26  LCDM7                                  
00000a27  LCDM8                                  
00000a28  LCDM9                                  
000004c4  MAC                                    
000004da  MAC32H                                 
000004db  MAC32H_H                               
000004da  MAC32H_L                               
000004d8  MAC32L                                 
000004d9  MAC32L_H                               
000004d8  MAC32L_L                               
000004c6  MACS                                   
000004de  MACS32H                                
000004df  MACS32H_H                              
000004de  MACS32H_L                              
000004dc  MACS32L                                
000004dd  MACS32L_H                              
000004dc  MACS32L_L                              
000004c7  MACS_H                                 
000004c6  MACS_L                                 
000004c5  MAC_H                                  
000004c4  MAC_L                                  
000004c0  MPY                                    
000004ec  MPY32CTL0                              
000004ed  MPY32CTL0_H                            
000004ec  MPY32CTL0_L                            
000004d2  MPY32H                                 
000004d3  MPY32H_H                               
000004d2  MPY32H_L                               
000004d0  MPY32L                                 
000004d1  MPY32L_H                               
000004d0  MPY32L_L                               
000004c2  MPYS                                   
000004d6  MPYS32H                                
000004d7  MPYS32H_H                              
000004d6  MPYS32H_L                              
000004d4  MPYS32L                                
000004d5  MPYS32L_H                              
000004d4  MPYS32L_L                              
000004c3  MPYS_H                                 
000004c2  MPYS_L                                 
000004c1  MPY_H                                  
000004c0  MPY_L                                  
000004c8  OP2                                    
000004e2  OP2H                                   
000004e3  OP2H_H                                 
000004e2  OP2H_L                                 
000004e0  OP2L                                   
000004e1  OP2L_H                                 
000004e0  OP2L_L                                 
000004c9  OP2_H                                  
000004c8  OP2_L                                  
0000020e  P1IV                                   
0000021e  P2IV                                   
000001d0  P2MAP01                                
000001d1  P2MAP01_H                              
000001d0  P2MAP01_L                              
000001d2  P2MAP23                                
000001d3  P2MAP23_H                              
000001d2  P2MAP23_L                              
000001d4  P2MAP45                                
000001d5  P2MAP45_H                              
000001d4  P2MAP45_L                              
000001d6  P2MAP67                                
000001d7  P2MAP67_H                              
000001d6  P2MAP67_L                              
000001d8  P3MAP01                                
000001d9  P3MAP01_H                              
000001d8  P3MAP01_L                              
000001da  P3MAP23                                
000001db  P3MAP23_H                              
000001da  P3MAP23_L                              
000001dc  P3MAP45                                
000001dd  P3MAP45_H                              
000001dc  P3MAP45_L                              
000001de  P3MAP67                                
000001df  P3MAP67_H                              
000001de  P3MAP67_L                              
000001e0  P4MAP01                                
000001e1  P4MAP01_H                              
000001e0  P4MAP01_L                              
000001e2  P4MAP23                                
000001e3  P4MAP23_H                              
000001e2  P4MAP23_L                              
000001e4  P4MAP45                                
000001e5  P4MAP45_H                              
000001e4  P4MAP45_L                              
000001e6  P4MAP67                                
000001e7  P4MAP67_H                              
000001e6  P4MAP67_L                              
00000204  PADIR                                  
00000205  PADIR_H                                
00000204  PADIR_L                                
00000208  PADS                                   
00000209  PADS_H                                 
00000208  PADS_L                                 
0000021a  PAIE                                   
00000218  PAIES                                  
00000219  PAIES_H                                
00000218  PAIES_L                                
0000021b  PAIE_H                                 
0000021a  PAIE_L                                 
0000021c  PAIFG                                  
0000021d  PAIFG_H                                
0000021c  PAIFG_L                                
00000200  PAIN                                   
00000201  PAIN_H                                 
00000200  PAIN_L                                 
00000202  PAOUT                                  
00000203  PAOUT_H                                
00000202  PAOUT_L                                
00000206  PAREN                                  
00000207  PAREN_H                                
00000206  PAREN_L                                
0000020a  PASEL0                                 
0000020b  PASEL0_H                               
0000020a  PASEL0_L                               
0000020c  PASEL1                                 
0000020d  PASEL1_H                               
0000020c  PASEL1_L                               
00000224  PBDIR                                  
00000225  PBDIR_H                                
00000224  PBDIR_L                                
00000228  PBDS                                   
00000229  PBDS_H                                 
00000228  PBDS_L                                 
00000220  PBIN                                   
00000221  PBIN_H                                 
00000220  PBIN_L                                 
00000222  PBOUT                                  
00000223  PBOUT_H                                
00000222  PBOUT_L                                
00000226  PBREN                                  
00000227  PBREN_H                                
00000226  PBREN_L                                
0000022a  PBSEL0                                 
0000022b  PBSEL0_H                               
0000022a  PBSEL0_L                               
00000244  PCDIR                                  
00000245  PCDIR_H                                
00000244  PCDIR_L                                
00000248  PCDS                                   
00000249  PCDS_H                                 
00000248  PCDS_L                                 
00000240  PCIN                                   
00000241  PCIN_H                                 
00000240  PCIN_L                                 
00000242  PCOUT                                  
00000243  PCOUT_H                                
00000242  PCOUT_L                                
00000246  PCREN                                  
00000247  PCREN_H                                
00000246  PCREN_L                                
0000024a  PCSEL0                                 
0000024b  PCSEL0_H                               
0000024a  PCSEL0_L                               
0000024c  PCSEL1                                 
0000024d  PCSEL1_H                               
0000024c  PCSEL1_L                               
00000264  PDDIR                                  
00000265  PDDIR_H                                
00000264  PDDIR_L                                
00000268  PDDS                                   
00000269  PDDS_H                                 
00000268  PDDS_L                                 
00000260  PDIN                                   
00000261  PDIN_H                                 
00000260  PDIN_L                                 
00000262  PDOUT                                  
00000263  PDOUT_H                                
00000262  PDOUT_L                                
00000266  PDREN                                  
00000267  PDREN_H                                
00000266  PDREN_L                                
0000026a  PDSEL0                                 
0000026b  PDSEL0_H                               
0000026a  PDSEL0_L                               
00000284  PEDIR                                  
00000285  PEDIR_H                                
00000284  PEDIR_L                                
00000288  PEDS                                   
00000289  PEDS_H                                 
00000288  PEDS_L                                 
00000280  PEIN                                   
00000281  PEIN_H                                 
00000280  PEIN_L                                 
00000282  PEOUT                                  
00000283  PEOUT_H                                
00000282  PEOUT_L                                
00000286  PEREN                                  
00000287  PEREN_H                                
00000286  PEREN_L                                
0000028a  PESEL0                                 
0000028b  PESEL0_H                               
0000028a  PESEL0_L                               
000002a4  PFDIR                                  
000002a5  PFDIR_H                                
000002a4  PFDIR_L                                
000002a8  PFDS                                   
000002a9  PFDS_H                                 
000002a8  PFDS_L                                 
000002a0  PFIN                                   
000002a1  PFIN_H                                 
000002a0  PFIN_L                                 
000002a2  PFOUT                                  
000002a3  PFOUT_H                                
000002a2  PFOUT_L                                
000002a6  PFREN                                  
000002a7  PFREN_H                                
000002a6  PFREN_L                                
000002aa  PFSEL0                                 
000002ab  PFSEL0_H                               
000002aa  PFSEL0_L                               
00000324  PJDIR                                  
00000325  PJDIR_H                                
00000324  PJDIR_L                                
00000328  PJDS                                   
00000329  PJDS_H                                 
00000328  PJDS_L                                 
00000320  PJIN                                   
00000321  PJIN_H                                 
00000320  PJIN_L                                 
00000322  PJOUT                                  
00000323  PJOUT_H                                
00000322  PJOUT_L                                
00000326  PJREN                                  
00000327  PJREN_H                                
00000326  PJREN_L                                
0000032a  PJSEL                                  
0000032b  PJSEL_H                                
0000032a  PJSEL_L                                
00000130  PM5CTL0                                
00000131  PM5CTL0_H                              
00000130  PM5CTL0_L                              
000001c2  PMAPCTL                                
000001c3  PMAPCTL_H                              
000001c2  PMAPCTL_L                              
000001c0  PMAPKEYID                              
000001c1  PMAPKEYID_H                            
000001c0  PMAPKEYID_L                            
00000120  PMMCTL0                                
00000121  PMMCTL0_H                              
00000120  PMMCTL0_L                              
00000122  PMMCTL1                                
00000123  PMMCTL1_H                              
00000122  PMMCTL1_L                              
0000012c  PMMIFG                                 
0000012d  PMMIFG_H                               
0000012c  PMMIFG_L                               
0000012e  PMMRIE                                 
0000012f  PMMRIE_H                               
0000012e  PMMRIE_L                               
00000158  RCCTL0                                 
00000159  RCCTL0_H                               
00000158  RCCTL0_L                               
000001b0  REFCTL0                                
000001b1  REFCTL0_H                              
000001b0  REFCTL0_L                              
000004e4  RES0                                   
000004e5  RES0_H                                 
000004e4  RES0_L                                 
000004e6  RES1                                   
000004e7  RES1_H                                 
000004e6  RES1_L                                 
000004e8  RES2                                   
000004e9  RES2_H                                 
000004e8  RES2_L                                 
000004ea  RES3                                   
000004eb  RES3_H                                 
000004ea  RES3_L                                 
000004cc  RESHI                                  
000004cd  RESHI_H                                
000004cc  RESHI_L                                
000004ca  RESLO                                  
000004cb  RESLO_H                                
000004ca  RESLO_L                                
00000c9a  RTCADOWDAY                             
00000c9b  RTCADOWDAY_H                           
00000c9a  RTCADOWDAY_L                           
00000c98  RTCAMINHR                              
00000c99  RTCAMINHR_H                            
00000c98  RTCAMINHR_L                            
00000ca2  RTCCAP0CTL                             
00000ca3  RTCCAP1CTL                             
00000c80  RTCCTL0                                
00000c81  RTCCTL0_H                              
00000c80  RTCCTL0_L                              
00000c82  RTCCTL13                               
00000c83  RTCCTL13_H                             
00000c82  RTCCTL13_L                             
00000c94  RTCDATE                                
00000c95  RTCDATE_H                              
00000c94  RTCDATE_L                              
00000cb3  RTCDAYBAK0                             
00000cbb  RTCDAYBAK1                             
00000cb2  RTCHOURBAK0                            
00000cba  RTCHOURBAK1                            
00000c8e  RTCIV                                  
00000cb1  RTCMINBAK0                             
00000cb9  RTCMINBAK1                             
00000cb4  RTCMONBAK0                             
00000cbc  RTCMONBAK1                             
00000c84  RTCOCAL                                
00000c85  RTCOCAL_H                              
00000c84  RTCOCAL_L                              
00000c8c  RTCPS                                  
00000c88  RTCPS0CTL                              
00000c89  RTCPS0CTL_H                            
00000c88  RTCPS0CTL_L                            
00000c8a  RTCPS1CTL                              
00000c8b  RTCPS1CTL_H                            
00000c8a  RTCPS1CTL_L                            
00000c8d  RTCPS_H                                
00000c8c  RTCPS_L                                
00000cb0  RTCSECBAK0                             
00000cb8  RTCSECBAK1                             
00000ca0  RTCTCCTL0                              
00000ca1  RTCTCCTL1                              
00000c86  RTCTCMP                                
00000c87  RTCTCMP_H                              
00000c86  RTCTCMP_L                              
00000c90  RTCTIM0                                
00000c91  RTCTIM0_H                              
00000c90  RTCTIM0_L                              
00000c92  RTCTIM1                                
00000c93  RTCTIM1_H                              
00000c92  RTCTIM1_L                              
00000c96  RTCYEAR                                
00000cb6  RTCYEARBAK0                            
00000cbe  RTCYEARBAK1                            
00000c97  RTCYEAR_H                              
00000c96  RTCYEAR_L                              
00000810  SD24BCCTL0                             
00000811  SD24BCCTL0_H                           
00000810  SD24BCCTL0_L                           
00000818  SD24BCCTL1                             
00000819  SD24BCCTL1_H                           
00000818  SD24BCCTL1_L                           
00000820  SD24BCCTL2                             
00000821  SD24BCCTL2_H                           
00000820  SD24BCCTL2_L                           
00000828  SD24BCCTL3                             
00000829  SD24BCCTL3_H                           
00000828  SD24BCCTL3_L                           
00000800  SD24BCTL0                              
00000801  SD24BCTL0_H                            
00000800  SD24BCTL0_L                            
00000802  SD24BCTL1                              
00000803  SD24BCTL1_H                            
00000802  SD24BCTL1_L                            
0000080c  SD24BIE                                
0000080d  SD24BIE_H                              
0000080c  SD24BIE_L                              
0000080a  SD24BIFG                               
0000080b  SD24BIFG_H                             
0000080a  SD24BIFG_L                             
00000812  SD24BINCTL0                            
00000813  SD24BINCTL0_H                          
00000812  SD24BINCTL0_L                          
0000081a  SD24BINCTL1                            
0000081b  SD24BINCTL1_H                          
0000081a  SD24BINCTL1_L                          
00000822  SD24BINCTL2                            
00000823  SD24BINCTL2_H                          
00000822  SD24BINCTL2_L                          
0000082a  SD24BINCTL3                            
0000082b  SD24BINCTL3_H                          
0000082a  SD24BINCTL3_L                          
0000080e  SD24BIV                                
0000080f  SD24BIV_H                              
0000080e  SD24BIV_L                              
00000852  SD24BMEMH0                             
00000853  SD24BMEMH0_H                           
00000852  SD24BMEMH0_L                           
00000856  SD24BMEMH1                             
00000857  SD24BMEMH1_H                           
00000856  SD24BMEMH1_L                           
0000085a  SD24BMEMH2                             
0000085b  SD24BMEMH2_H                           
0000085a  SD24BMEMH2_L                           
0000085e  SD24BMEMH3                             
0000085f  SD24BMEMH3_H                           
0000085e  SD24BMEMH3_L                           
00000850  SD24BMEML0                             
00000851  SD24BMEML0_H                           
00000850  SD24BMEML0_L                           
00000854  SD24BMEML1                             
00000855  SD24BMEML1_H                           
00000854  SD24BMEML1_L                           
00000858  SD24BMEML2                             
00000859  SD24BMEML2_H                           
00000858  SD24BMEML2_L                           
0000085c  SD24BMEML3                             
0000085d  SD24BMEML3_H                           
0000085c  SD24BMEML3_L                           
00000814  SD24BOSR0                              
00000815  SD24BOSR0_H                            
00000814  SD24BOSR0_L                            
0000081c  SD24BOSR1                              
0000081d  SD24BOSR1_H                            
0000081c  SD24BOSR1_L                            
00000824  SD24BOSR2                              
00000825  SD24BOSR2_H                            
00000824  SD24BOSR2_L                            
0000082c  SD24BOSR3                              
0000082d  SD24BOSR3_H                            
0000082c  SD24BOSR3_L                            
00000816  SD24BPRE0                              
00000817  SD24BPRE0_H                            
00000816  SD24BPRE0_L                            
0000081e  SD24BPRE1                              
0000081f  SD24BPRE1_H                            
0000081e  SD24BPRE1_L                            
00000826  SD24BPRE2                              
00000827  SD24BPRE2_H                            
00000826  SD24BPRE2_L                            
0000082e  SD24BPRE3                              
0000082f  SD24BPRE3_H                            
0000082e  SD24BPRE3_L                            
00000804  SD24BTRGCTL                            
00000805  SD24BTRGCTL_H                          
00000804  SD24BTRGCTL_L                          
00000806  SD24BTRGOSR                            
00000807  SD24BTRGOSR_H                          
00000806  SD24BTRGOSR_L                          
00000808  SD24BTRGPRE                            
00000809  SD24BTRGPRE_H                          
00000808  SD24BTRGPRE_L                          
00000100  SFRIE1                                 
00000101  SFRIE1_H                               
00000100  SFRIE1_L                               
00000102  SFRIFG1                                
00000103  SFRIFG1_H                              
00000102  SFRIFG1_L                              
00000104  SFRRPCR                                
00000105  SFRRPCR_H                              
00000104  SFRRPCR_L                              
000004ce  SUMEXT                                 
000004cf  SUMEXT_H                               
000004ce  SUMEXT_L                               
00000124  SVSMHCTL                               
00000125  SVSMHCTL_H                             
00000124  SVSMHCTL_L                             
00000128  SVSMIO                                 
00000129  SVSMIO_H                               
00000128  SVSMIO_L                               
00000126  SVSMLCTL                               
00000127  SVSMLCTL_H                             
00000126  SVSMLCTL_L                             
00000198  SYSBERRIV                              
00000199  SYSBERRIV_H                            
00000198  SYSBERRIV_L                            
00000182  SYSBSLC                                
00000183  SYSBSLC_H                              
00000182  SYSBSLC_L                              
00000180  SYSCTL                                 
00000181  SYSCTL_H                               
00000180  SYSCTL_L                               
00000186  SYSJMBC                                
00000187  SYSJMBC_H                              
00000186  SYSJMBC_L                              
00000188  SYSJMBI0                               
00000189  SYSJMBI0_H                             
00000188  SYSJMBI0_L                             
0000018a  SYSJMBI1                               
0000018b  SYSJMBI1_H                             
0000018a  SYSJMBI1_L                             
0000018c  SYSJMBO0                               
0000018d  SYSJMBO0_H                             
0000018c  SYSJMBO0_L                             
0000018e  SYSJMBO1                               
0000018f  SYSJMBO1_H                             
0000018e  SYSJMBO1_L                             
0000019e  SYSRSTIV                               
0000019f  SYSRSTIV_H                             
0000019e  SYSRSTIV_L                             
0000019c  SYSSNIV                                
0000019d  SYSSNIV_H                              
0000019c  SYSSNIV_L                              
0000019a  SYSUNIV                                
0000019b  SYSUNIV_H                              
0000019a  SYSUNIV_L                              
00000352  TA0CCR0                                
00000354  TA0CCR1                                
00000356  TA0CCR2                                
00000342  TA0CCTL0                               
00000344  TA0CCTL1                               
00000346  TA0CCTL2                               
00000340  TA0CTL                                 
00000360  TA0EX0                                 
0000036e  TA0IV                                  
00000350  TA0R                                   
00000392  TA1CCR0                                
00000394  TA1CCR1                                
00000382  TA1CCTL0                               
00000384  TA1CCTL1                               
00000380  TA1CTL                                 
000003a0  TA1EX0                                 
000003ae  TA1IV                                  
00000390  TA1R                                   
00000412  TA2CCR0                                
00000414  TA2CCR1                                
00000402  TA2CCTL0                               
00000404  TA2CCTL1                               
00000400  TA2CTL                                 
00000420  TA2EX0                                 
0000042e  TA2IV                                  
00000410  TA2R                                   
00000452  TA3CCR0                                
00000454  TA3CCR1                                
00000442  TA3CCTL0                               
00000444  TA3CCTL1                               
00000440  TA3CTL                                 
00000460  TA3EX0                                 
0000046e  TA3IV                                  
00000450  TA3R                                   
0000c000  TIMER1_A0_ISR                          
000005d0  UCA0ABCTL                              
000005c6  UCA0BRW                                
000005c7  UCA0BRW_H                              
000005c6  UCA0BRW_L                              
000005c0  UCA0CTLW0                              
000005c1  UCA0CTLW0_H                            
000005c0  UCA0CTLW0_L                            
000005c2  UCA0CTLW1                              
000005c3  UCA0CTLW1_H                            
000005c2  UCA0CTLW1_L                            
000005da  UCA0IE                                 
000005db  UCA0IE_H                               
000005da  UCA0IE_L                               
000005dc  UCA0IFG                                
000005dd  UCA0IFG_H                              
000005dc  UCA0IFG_L                              
000005d2  UCA0IRCTL                              
000005d3  UCA0IRCTL_H                            
000005d2  UCA0IRCTL_L                            
000005de  UCA0IV                                 
000005c8  UCA0MCTLW                              
000005c9  UCA0MCTLW_H                            
000005c8  UCA0MCTLW_L                            
000005cc  UCA0RXBUF                              
000005cd  UCA0RXBUF_H                            
000005cc  UCA0RXBUF_L                            
000005ca  UCA0STATW                              
000005ce  UCA0TXBUF                              
000005cf  UCA0TXBUF_H                            
000005ce  UCA0TXBUF_L                            
000005f0  UCA1ABCTL                              
000005e6  UCA1BRW                                
000005e7  UCA1BRW_H                              
000005e6  UCA1BRW_L                              
000005e0  UCA1CTLW0                              
000005e1  UCA1CTLW0_H                            
000005e0  UCA1CTLW0_L                            
000005e2  UCA1CTLW1                              
000005e3  UCA1CTLW1_H                            
000005e2  UCA1CTLW1_L                            
000005fa  UCA1IE                                 
000005fb  UCA1IE_H                               
000005fa  UCA1IE_L                               
000005fc  UCA1IFG                                
000005fd  UCA1IFG_H                              
000005fc  UCA1IFG_L                              
000005f2  UCA1IRCTL                              
000005f3  UCA1IRCTL_H                            
000005f2  UCA1IRCTL_L                            
000005fe  UCA1IV                                 
000005e8  UCA1MCTLW                              
000005e9  UCA1MCTLW_H                            
000005e8  UCA1MCTLW_L                            
000005ec  UCA1RXBUF                              
000005ed  UCA1RXBUF_H                            
000005ec  UCA1RXBUF_L                            
000005ea  UCA1STATW                              
000005ee  UCA1TXBUF                              
000005ef  UCA1TXBUF_H                            
000005ee  UCA1TXBUF_L                            
00000610  UCA2ABCTL                              
00000606  UCA2BRW                                
00000607  UCA2BRW_H                              
00000606  UCA2BRW_L                              
00000600  UCA2CTLW0                              
00000601  UCA2CTLW0_H                            
00000600  UCA2CTLW0_L                            
00000602  UCA2CTLW1                              
00000603  UCA2CTLW1_H                            
00000602  UCA2CTLW1_L                            
0000061a  UCA2IE                                 
0000061b  UCA2IE_H                               
0000061a  UCA2IE_L                               
0000061c  UCA2IFG                                
0000061d  UCA2IFG_H                              
0000061c  UCA2IFG_L                              
00000612  UCA2IRCTL                              
00000613  UCA2IRCTL_H                            
00000612  UCA2IRCTL_L                            
0000061e  UCA2IV                                 
00000608  UCA2MCTLW                              
00000609  UCA2MCTLW_H                            
00000608  UCA2MCTLW_L                            
0000060c  UCA2RXBUF                              
0000060d  UCA2RXBUF_H                            
0000060c  UCA2RXBUF_L                            
0000060a  UCA2STATW                              
0000060e  UCA2TXBUF                              
0000060f  UCA2TXBUF_H                            
0000060e  UCA2TXBUF_L                            
00000630  UCA3ABCTL                              
00000626  UCA3BRW                                
00000627  UCA3BRW_H                              
00000626  UCA3BRW_L                              
00000620  UCA3CTLW0                              
00000621  UCA3CTLW0_H                            
00000620  UCA3CTLW0_L                            
00000622  UCA3CTLW1                              
00000623  UCA3CTLW1_H                            
00000622  UCA3CTLW1_L                            
0000063a  UCA3IE                                 
0000063b  UCA3IE_H                               
0000063a  UCA3IE_L                               
0000063c  UCA3IFG                                
0000063d  UCA3IFG_H                              
0000063c  UCA3IFG_L                              
00000632  UCA3IRCTL                              
00000633  UCA3IRCTL_H                            
00000632  UCA3IRCTL_L                            
0000063e  UCA3IV                                 
00000628  UCA3MCTLW                              
00000629  UCA3MCTLW_H                            
00000628  UCA3MCTLW_L                            
0000062c  UCA3RXBUF                              
0000062d  UCA3RXBUF_H                            
0000062c  UCA3RXBUF_L                            
0000062a  UCA3STATW                              
0000062e  UCA3TXBUF                              
0000062f  UCA3TXBUF_H                            
0000062e  UCA3TXBUF_L                            
0000065e  UCB0ADDMASK                            
0000065f  UCB0ADDMASK_H                          
0000065e  UCB0ADDMASK_L                          
0000065c  UCB0ADDRX                              
0000065d  UCB0ADDRX_H                            
0000065c  UCB0ADDRX_L                            
00000646  UCB0BRW                                
00000647  UCB0BRW_H                              
00000646  UCB0BRW_L                              
00000640  UCB0CTLW0                              
00000641  UCB0CTLW0_H                            
00000640  UCB0CTLW0_L                            
00000642  UCB0CTLW1                              
00000643  UCB0CTLW1_H                            
00000642  UCB0CTLW1_L                            
00000654  UCB0I2COA0                             
00000655  UCB0I2COA0_H                           
00000654  UCB0I2COA0_L                           
00000656  UCB0I2COA1                             
00000657  UCB0I2COA1_H                           
00000656  UCB0I2COA1_L                           
00000658  UCB0I2COA2                             
00000659  UCB0I2COA2_H                           
00000658  UCB0I2COA2_L                           
0000065a  UCB0I2COA3                             
0000065b  UCB0I2COA3_H                           
0000065a  UCB0I2COA3_L                           
00000660  UCB0I2CSA                              
00000661  UCB0I2CSA_H                            
00000660  UCB0I2CSA_L                            
0000066a  UCB0IE                                 
0000066b  UCB0IE_H                               
0000066a  UCB0IE_L                               
0000066c  UCB0IFG                                
0000066d  UCB0IFG_H                              
0000066c  UCB0IFG_L                              
0000066e  UCB0IV                                 
0000064c  UCB0RXBUF                              
0000064d  UCB0RXBUF_H                            
0000064c  UCB0RXBUF_L                            
00000648  UCB0STATW                              
00000649  UCB0STATW_H                            
00000648  UCB0STATW_L                            
0000064a  UCB0TBCNT                              
0000064b  UCB0TBCNT_H                            
0000064a  UCB0TBCNT_L                            
0000064e  UCB0TXBUF                              
0000064f  UCB0TXBUF_H                            
0000064e  UCB0TXBUF_L                            
0000069e  UCB1ADDMASK                            
0000069f  UCB1ADDMASK_H                          
0000069e  UCB1ADDMASK_L                          
0000069c  UCB1ADDRX                              
0000069d  UCB1ADDRX_H                            
0000069c  UCB1ADDRX_L                            
00000686  UCB1BRW                                
00000687  UCB1BRW_H                              
00000686  UCB1BRW_L                              
00000680  UCB1CTLW0                              
00000681  UCB1CTLW0_H                            
00000680  UCB1CTLW0_L                            
00000682  UCB1CTLW1                              
00000683  UCB1CTLW1_H                            
00000682  UCB1CTLW1_L                            
00000694  UCB1I2COA0                             
00000695  UCB1I2COA0_H                           
00000694  UCB1I2COA0_L                           
00000696  UCB1I2COA1                             
00000697  UCB1I2COA1_H                           
00000696  UCB1I2COA1_L                           
00000698  UCB1I2COA2                             
00000699  UCB1I2COA2_H                           
00000698  UCB1I2COA2_L                           
0000069a  UCB1I2COA3                             
0000069b  UCB1I2COA3_H                           
0000069a  UCB1I2COA3_L                           
000006a0  UCB1I2CSA                              
000006a1  UCB1I2CSA_H                            
000006a0  UCB1I2CSA_L                            
000006aa  UCB1IE                                 
000006ab  UCB1IE_H                               
000006aa  UCB1IE_L                               
000006ac  UCB1IFG                                
000006ad  UCB1IFG_H                              
000006ac  UCB1IFG_L                              
000006ae  UCB1IV                                 
0000068c  UCB1RXBUF                              
0000068d  UCB1RXBUF_H                            
0000068c  UCB1RXBUF_L                            
00000688  UCB1STATW                              
00000689  UCB1STATW_H                            
00000688  UCB1STATW_L                            
0000068a  UCB1TBCNT                              
0000068b  UCB1TBCNT_H                            
0000068a  UCB1TBCNT_L                            
0000068e  UCB1TXBUF                              
0000068f  UCB1TXBUF_H                            
0000068e  UCB1TXBUF_L                            
00000160  UCSCTL0                                
00000161  UCSCTL0_H                              
00000160  UCSCTL0_L                              
00000162  UCSCTL1                                
00000163  UCSCTL1_H                              
00000162  UCSCTL1_L                              
00000164  UCSCTL2                                
00000165  UCSCTL2_H                              
00000164  UCSCTL2_L                              
00000166  UCSCTL3                                
00000167  UCSCTL3_H                              
00000166  UCSCTL3_L                              
00000168  UCSCTL4                                
00000169  UCSCTL4_H                              
00000168  UCSCTL4_L                              
0000016a  UCSCTL5                                
0000016b  UCSCTL5_H                              
0000016a  UCSCTL5_L                              
0000016c  UCSCTL6                                
0000016d  UCSCTL6_H                              
0000016c  UCSCTL6_L                              
0000016e  UCSCTL7                                
0000016f  UCSCTL7_H                              
0000016e  UCSCTL7_L                              
00000170  UCSCTL8                                
00000171  UCSCTL8_H                              
00000170  UCSCTL8_L                              
0000c082  USCI0TX_ISR                            
0000015c  WDTCTL                                 
0000015d  WDTCTL_H                               
0000015c  WDTCTL_L                               
00009c00  __STACK_END                            
000000a0  __STACK_SIZE                           
0000c0ea  __TI_CINIT_Base                        
0000c0fa  __TI_CINIT_Limit                       
0000c0d8  __TI_Handler_Table_Base                
0000c0e4  __TI_Handler_Table_Limit               
0000c0c4  __TI_ISR_TRAP                          
00010a96  __TI_auto_init_nobinit_nopinit_hold_wdt
000109c8  __TI_decompress_lzss                   
00010b22  __TI_decompress_none                   
0000ffc8  __TI_int36                             
0000ffca  __TI_int37                             
0000ffcc  __TI_int38                             
0000ffce  __TI_int39                             
0000ffd0  __TI_int40                             
0000ffd2  __TI_int41                             
0000ffd4  __TI_int42                             
0000ffd6  __TI_int43                             
0000ffd8  __TI_int44                             
0000ffda  __TI_int45                             
0000ffdc  __TI_int46                             
0000ffde  __TI_int47                             
0000ffe0  __TI_int48                             
0000ffe2  __TI_int49                             
0000ffe4  __TI_int50                             
0000ffe6  __TI_int51                             
0000ffe8  __TI_int52                             
0000ffea  __TI_int53                             
0000ffec  __TI_int54                             
0000ffee  __TI_int55                             
0000fff0  __TI_int56                             
0000fff2  __TI_int57                             
0000fff4  __TI_int58                             
0000fff6  __TI_int59                             
0000fff8  __TI_int60                             
0000fffa  __TI_int61                             
0000fffc  __TI_int62                             
ffffffff  __TI_pprof_out_hndl                    
ffffffff  __TI_prof_data_size                    
ffffffff  __TI_prof_data_start                   
00010aea  __TI_zero_init_nomemset                
ffffffff  __c_args__                             
0000c0a8  _c_int00_noargs                        
0000fffe  _reset_vector                          
00009b60  _stack                                 
00010b3e  _system_post_cinit                     
00010b3a  _system_pre_init                       
00010b34  abort                                  
00001d0e  apagar_stat                            
00001c36  contador                               
00010000  encender_apagar_rele                   
000106a8  enviar_falla                           
00001d06  fuente_aux                             
00001d0a  fuente_aux_ant                         
00001d08  fuente_main                            
00001d0c  fuente_main_ant                        
00001cf8  g1                                     
00001cfa  h1                                     
00001cfc  h2                                     
00010a3e  inicializacion_osciladores             
00001d02  init_control_ready                     
00001d04  init_interfaz                          
00001cfe  j3                                     
00001d00  j5                                     
0001036c  main                                   
00010b0e  memcpy                                 
00001cf6  msg_rcv                                
00001c66  reg_corr                               
00001c96  reg_falla                              
00001c00  reg_falla_ant                          
00001cc6  reg_rele                               


GLOBAL SYMBOLS: SORTED BY Symbol Address 

address   name                                   
-------   ----                                   
000000a0  __STACK_SIZE                           
00000100  SFRIE1                                 
00000100  SFRIE1_L                               
00000101  SFRIE1_H                               
00000102  SFRIFG1                                
00000102  SFRIFG1_L                              
00000103  SFRIFG1_H                              
00000104  SFRRPCR                                
00000104  SFRRPCR_L                              
00000105  SFRRPCR_H                              
00000120  PMMCTL0                                
00000120  PMMCTL0_L                              
00000121  PMMCTL0_H                              
00000122  PMMCTL1                                
00000122  PMMCTL1_L                              
00000123  PMMCTL1_H                              
00000124  SVSMHCTL                               
00000124  SVSMHCTL_L                             
00000125  SVSMHCTL_H                             
00000126  SVSMLCTL                               
00000126  SVSMLCTL_L                             
00000127  SVSMLCTL_H                             
00000128  SVSMIO                                 
00000128  SVSMIO_L                               
00000129  SVSMIO_H                               
0000012c  PMMIFG                                 
0000012c  PMMIFG_L                               
0000012d  PMMIFG_H                               
0000012e  PMMRIE                                 
0000012e  PMMRIE_L                               
0000012f  PMMRIE_H                               
00000130  PM5CTL0                                
00000130  PM5CTL0_L                              
00000131  PM5CTL0_H                              
00000140  FCTL1                                  
00000140  FCTL1_L                                
00000141  FCTL1_H                                
00000144  FCTL3                                  
00000144  FCTL3_L                                
00000145  FCTL3_H                                
00000146  FCTL4                                  
00000146  FCTL4_L                                
00000147  FCTL4_H                                
00000150  CRCDI                                  
00000150  CRCDI_L                                
00000151  CRCDI_H                                
00000152  CRCDIRB                                
00000152  CRCDIRB_L                              
00000153  CRCDIRB_H                              
00000154  CRCINIRES                              
00000154  CRCINIRES_L                            
00000155  CRCINIRES_H                            
00000156  CRCRESR                                
00000156  CRCRESR_L                              
00000157  CRCRESR_H                              
00000158  RCCTL0                                 
00000158  RCCTL0_L                               
00000159  RCCTL0_H                               
0000015c  WDTCTL                                 
0000015c  WDTCTL_L                               
0000015d  WDTCTL_H                               
00000160  UCSCTL0                                
00000160  UCSCTL0_L                              
00000161  UCSCTL0_H                              
00000162  UCSCTL1                                
00000162  UCSCTL1_L                              
00000163  UCSCTL1_H                              
00000164  UCSCTL2                                
00000164  UCSCTL2_L                              
00000165  UCSCTL2_H                              
00000166  UCSCTL3                                
00000166  UCSCTL3_L                              
00000167  UCSCTL3_H                              
00000168  UCSCTL4                                
00000168  UCSCTL4_L                              
00000169  UCSCTL4_H                              
0000016a  UCSCTL5                                
0000016a  UCSCTL5_L                              
0000016b  UCSCTL5_H                              
0000016c  UCSCTL6                                
0000016c  UCSCTL6_L                              
0000016d  UCSCTL6_H                              
0000016e  UCSCTL7                                
0000016e  UCSCTL7_L                              
0000016f  UCSCTL7_H                              
00000170  UCSCTL8                                
00000170  UCSCTL8_L                              
00000171  UCSCTL8_H                              
00000180  SYSCTL                                 
00000180  SYSCTL_L                               
00000181  SYSCTL_H                               
00000182  SYSBSLC                                
00000182  SYSBSLC_L                              
00000183  SYSBSLC_H                              
00000186  SYSJMBC                                
00000186  SYSJMBC_L                              
00000187  SYSJMBC_H                              
00000188  SYSJMBI0                               
00000188  SYSJMBI0_L                             
00000189  SYSJMBI0_H                             
0000018a  SYSJMBI1                               
0000018a  SYSJMBI1_L                             
0000018b  SYSJMBI1_H                             
0000018c  SYSJMBO0                               
0000018c  SYSJMBO0_L                             
0000018d  SYSJMBO0_H                             
0000018e  SYSJMBO1                               
0000018e  SYSJMBO1_L                             
0000018f  SYSJMBO1_H                             
00000198  SYSBERRIV                              
00000198  SYSBERRIV_L                            
00000199  SYSBERRIV_H                            
0000019a  SYSUNIV                                
0000019a  SYSUNIV_L                              
0000019b  SYSUNIV_H                              
0000019c  SYSSNIV                                
0000019c  SYSSNIV_L                              
0000019d  SYSSNIV_H                              
0000019e  SYSRSTIV                               
0000019e  SYSRSTIV_L                             
0000019f  SYSRSTIV_H                             
000001b0  REFCTL0                                
000001b0  REFCTL0_L                              
000001b1  REFCTL0_H                              
000001c0  PMAPKEYID                              
000001c0  PMAPKEYID_L                            
000001c1  PMAPKEYID_H                            
000001c2  PMAPCTL                                
000001c2  PMAPCTL_L                              
000001c3  PMAPCTL_H                              
000001d0  P2MAP01                                
000001d0  P2MAP01_L                              
000001d1  P2MAP01_H                              
000001d2  P2MAP23                                
000001d2  P2MAP23_L                              
000001d3  P2MAP23_H                              
000001d4  P2MAP45                                
000001d4  P2MAP45_L                              
000001d5  P2MAP45_H                              
000001d6  P2MAP67                                
000001d6  P2MAP67_L                              
000001d7  P2MAP67_H                              
000001d8  P3MAP01                                
000001d8  P3MAP01_L                              
000001d9  P3MAP01_H                              
000001da  P3MAP23                                
000001da  P3MAP23_L                              
000001db  P3MAP23_H                              
000001dc  P3MAP45                                
000001dc  P3MAP45_L                              
000001dd  P3MAP45_H                              
000001de  P3MAP67                                
000001de  P3MAP67_L                              
000001df  P3MAP67_H                              
000001e0  P4MAP01                                
000001e0  P4MAP01_L                              
000001e1  P4MAP01_H                              
000001e2  P4MAP23                                
000001e2  P4MAP23_L                              
000001e3  P4MAP23_H                              
000001e4  P4MAP45                                
000001e4  P4MAP45_L                              
[...]
00000748  ADC10HI                                
00000748  ADC10HI_L                              
00000749  ADC10HI_H                              
0000074a  ADC10MCTL0                             
0000074a  ADC10MCTL0_L                           
0000074b  ADC10MCTL0_H                           
00000752  ADC10MEM0                              
00000752  ADC10MEM0_L                            
00000753  ADC10MEM0_H                            
0000075a  ADC10IE                                
0000075a  ADC10IE_L                              
0000075b  ADC10IE_H                              
0000075c  ADC10IFG                               
0000075c  ADC10IFG_L                             
0000075d  ADC10IFG_H                             
0000075e  ADC10IV                                
0000075e  ADC10IV_L                              
0000075f  ADC10IV_H                              
00000800  SD24BCTL0                              
00000800  SD24BCTL0_L                            
00000801  SD24BCTL0_H                            
00000802  SD24BCTL1                              
00000802  SD24BCTL1_L                            
00000803  SD24BCTL1_H                            
00000804  SD24BTRGCTL                            
00000804  SD24BTRGCTL_L                          
00000805  SD24BTRGCTL_H                          
00000806  SD24BTRGOSR                            
00000806  SD24BTRGOSR_L                          
00000807  SD24BTRGOSR_H                          
00000808  SD24BTRGPRE                            
00000808  SD24BTRGPRE_L                          
00000809  SD24BTRGPRE_H                          
0000080a  SD24BIFG                               
0000080a  SD24BIFG_L                             
0000080b  SD24BIFG_H                             
0000080c  SD24BIE                                
0000080c  SD24BIE_L                              
0000080d  SD24BIE_H                              
0000080e  SD24BIV                                
0000080e  SD24BIV_L                              
0000080f  SD24BIV_H                              
00000810  SD24BCCTL0                             
00000810  SD24BCCTL0_L                           
00000811  SD24BCCTL0_H                           
00000812  SD24BINCTL0                            
00000812  SD24BINCTL0_L                          
00000813  SD24BINCTL0_H                          
00000814  SD24BOSR0                              
00000814  SD24BOSR0_L                            
00000815  SD24BOSR0_H                            
00000816  SD24BPRE0                              
00000816  SD24BPRE0_L                            
00000817  SD24BPRE0_H                            
00000818  SD24BCCTL1                             
00000818  SD24BCCTL1_L                           
00000819  SD24BCCTL1_H                           
0000081a  SD24BINCTL1                            
0000081a  SD24BINCTL1_L                          
0000081b  SD24BINCTL1_H                          
0000081c  SD24BOSR1                              
0000081c  SD24BOSR1_L                            
0000081d  SD24BOSR1_H                            
0000081e  SD24BPRE1                              
0000081e  SD24BPRE1_L                            
0000081f  SD24BPRE1_H                            
00000820  SD24BCCTL2                             
00000820  SD24BCCTL2_L                           
00000821  SD24BCCTL2_H                           
00000822  SD24BINCTL2                            
00000822  SD24BINCTL2_L                          
00000823  SD24BINCTL2_H                          
00000824  SD24BOSR2                              
00000824  SD24BOSR2_L                            
00000825  SD24BOSR2_H                            
00000826  SD24BPRE2                              
00000826  SD24BPRE2_L                            
00000827  SD24BPRE2_H                            
00000828  SD24BCCTL3                             
00000828  SD24BCCTL3_L                           
00000829  SD24BCCTL3_H                           
0000082a  SD24BINCTL3                            
0000082a  SD24BINCTL3_L                          
0000082b  SD24BINCTL3_H                          
0000082c  SD24BOSR3                              
0000082c  SD24BOSR3_L                            
0000082d  SD24BOSR3_H                            
0000082e  SD24BPRE3                              
0000082e  SD24BPRE3_L                            
0000082f  SD24BPRE3_H                            
00000850  SD24BMEML0                             
00000850  SD24BMEML0_L                           
00000851  SD24BMEML0_H                           
00000852  SD24BMEMH0                             
00000852  SD24BMEMH0_L                           
00000853  SD24BMEMH0_H                           
00000854  SD24BMEML1                             
00000854  SD24BMEML1_L                           
00000855  SD24BMEML1_H                           
00000856  SD24BMEMH1                             
00000856  SD24BMEMH1_L                           
00000857  SD24BMEMH1_H                           
00000858  SD24BMEML2                             
00000858  SD24BMEML2_L                           
00000859  SD24BMEML2_H                           
0000085a  SD24BMEMH2                             
0000085a  SD24BMEMH2_L                           
0000085b  SD24BMEMH2_H                           
0000085c  SD24BMEML3                             
0000085c  SD24BMEML3_L                           
0000085d  SD24BMEML3_H                           
0000085e  SD24BMEMH3                             
0000085e  SD24BMEMH3_L                           
0000085f  SD24BMEMH3_H                           
000008c0  CBCTL0                                 
000008c0  CBCTL0_L                               
000008c1  CBCTL0_H                               
000008c2  CBCTL1                                 
000008c2  CBCTL1_L                               
000008c3  CBCTL1_H                               
000008c4  CBCTL2                                 
000008c4  CBCTL2_L                               
000008c5  CBCTL2_H                               
000008c6  CBCTL3                                 
000008c6  CBCTL3_L                               
000008c7  CBCTL3_H                               
000008cc  CBINT                                  
000008cc  CBINT_L                                
000008cd  CBINT_H                                
000008ce  CBIV                                   
000009c0  AESACTL0                               
000009c0  AESACTL0_L                             
000009c1  AESACTL0_H                             
000009c4  AESASTAT                               
000009c4  AESASTAT_L                             
000009c5  AESASTAT_H                             
000009c6  AESAKEY                                
000009c6  AESAKEY_L                              
000009c7  AESAKEY_H                              
000009c8  AESADIN                                
000009c8  AESADIN_L                              
000009c9  AESADIN_H                              
000009ca  AESADOUT                               
000009ca  AESADOUT_L                             
000009cb  AESADOUT_H                             
000009e0  AUXCTL0                                
000009e0  AUXCTL0_L                              
000009e1  AUXCTL0_H                              
000009e2  AUXCTL1                                
000009e2  AUXCTL1_L                              
000009e3  AUXCTL1_H                              
000009e4  AUXCTL2                                
000009e4  AUXCTL2_L                              
000009e5  AUXCTL2_H                              
000009f2  AUX2CHCTL                              
000009f2  AUX2CHCTL_L                            
000009f3  AUX2CHCTL_H                            
000009f4  AUX3CHCTL                              
000009f4  AUX3CHCTL_L                            
000009f5  AUX3CHCTL_H                            
000009f6  AUXADCCTL                              
000009f6  AUXADCCTL_L                            
000009f7  AUXADCCTL_H                            
000009fa  AUXIFG                                 
000009fa  AUXIFG_L                               
000009fb  AUXIFG_H                               
000009fc  AUXIE                                  
000009fc  AUXIE_L                                
000009fd  AUXIE_H                                
000009fe  AUXIV                                  
000009fe  AUXIV_L                                
000009ff  AUXIV_H                                
00000a00  LCDCCTL0                               
00000a00  LCDCCTL0_L                             
00000a01  LCDCCTL0_H                             
00000a02  LCDCCTL1                               
00000a02  LCDCCTL1_L                             
00000a03  LCDCCTL1_H                             
00000a04  LCDCBLKCTL                             
00000a04  LCDCBLKCTL_L                           
00000a05  LCDCBLKCTL_H                           
00000a06  LCDCMEMCTL                             
00000a06  LCDCMEMCTL_L                           
00000a07  LCDCMEMCTL_H                           
00000a08  LCDCVCTL                               
00000a08  LCDCVCTL_L                             
00000a09  LCDCVCTL_H                             
00000a0a  LCDCPCTL0                              
00000a0a  LCDCPCTL0_L                            
00000a0b  LCDCPCTL0_H                            
00000a0c  LCDCPCTL1                              
00000a0c  LCDCPCTL1_L                            
00000a0d  LCDCPCTL1_H                            
00000a0e  LCDCPCTL2                              
00000a0e  LCDCPCTL2_L                            
00000a0f  LCDCPCTL2_H                            
00000a12  LCDCCPCTL                              
00000a12  LCDCCPCTL_L                            
00000a13  LCDCCPCTL_H                            
00000a1e  LCDCIV                                 
00000a20  LCDM1                                  
00000a21  LCDM2                                  
00000a22  LCDM3                                  
00000a23  LCDM4                                  
00000a24  LCDM5                                  
00000a25  LCDM6                                  
00000a26  LCDM7                                  
00000a27  LCDM8                                  
00000a28  LCDM9                                  
00000a29  LCDM10                                 
00000a2a  LCDM11                                 
00000a2b  LCDM12                                 
00000a2c  LCDM13                                 
00000a2d  LCDM14                                 
00000a2e  LCDM15                                 
00000a2f  LCDM16                                 
00000a30  LCDM17                                 
00000a31  LCDM18                                 
00000a32  LCDM19                                 
00000a33  LCDM20                                 
00000a34  LCDM21                                 
00000a35  LCDM22                                 
00000a36  LCDM23                                 
00000a37  LCDM24                                 
00000a38  LCDM25                                 
00000a39  LCDM26                                 
00000a3a  LCDM27                                 
00000a3b  LCDM28                                 
00000a3c  LCDM29                                 
00000a3d  LCDM30                                 
00000a3e  LCDM31                                 
00000a3f  LCDM32                                 
00000a40  LCDBM1                                 
00000a40  LCDM33                                 
00000a41  LCDBM2                                 
00000a41  LCDM34                                 
00000a42  LCDBM3                                 
00000a42  LCDM35                                 
00000a43  LCDBM4                                 
00000a43  LCDM36                                 
00000a44  LCDBM5                                 
00000a44  LCDM37                                 
00000a45  LCDBM6                                 
00000a45  LCDM38                                 
00000a46  LCDBM7                                 
00000a46  LCDM39                                 
00000a47  LCDBM8                                 
00000a47  LCDM40                                 
00000a48  LCDBM9                                 
00000a49  LCDBM10                                
00000a4a  LCDBM11                                
00000a4b  LCDBM12                                
00000a4c  LCDBM13                                
00000a4d  LCDBM14                                
00000a4e  LCDBM15                                
00000a4f  LCDBM16                                
00000a50  LCDBM17                                
00000a51  LCDBM18                                
00000a52  LCDBM19                                
00000a53  LCDBM20                                
00000c80  RTCCTL0                                
00000c80  RTCCTL0_L                              
00000c81  RTCCTL0_H                              
00000c82  RTCCTL13                               
00000c82  RTCCTL13_L                             
00000c83  RTCCTL13_H                             
00000c84  RTCOCAL                                
00000c84  RTCOCAL_L                              
00000c85  RTCOCAL_H                              
00000c86  RTCTCMP                                
00000c86  RTCTCMP_L                              
00000c87  RTCTCMP_H                              
00000c88  RTCPS0CTL                              
00000c88  RTCPS0CTL_L                            
00000c89  RTCPS0CTL_H                            
00000c8a  RTCPS1CTL                              
00000c8a  RTCPS1CTL_L                            
00000c8b  RTCPS1CTL_H                            
00000c8c  RTCPS                                  
00000c8c  RTCPS_L                                
00000c8d  RTCPS_H                                
00000c8e  RTCIV                                  
00000c90  RTCTIM0                                
00000c90  RTCTIM0_L                              
00000c91  RTCTIM0_H                              
00000c92  RTCTIM1                                
00000c92  RTCTIM1_L                              
00000c93  RTCTIM1_H                              
00000c94  RTCDATE                                
00000c94  RTCDATE_L                              
00000c95  RTCDATE_H                              
00000c96  RTCYEAR                                
00000c96  RTCYEAR_L                              
00000c97  RTCYEAR_H                              
00000c98  RTCAMINHR                              
00000c98  RTCAMINHR_L                            
00000c99  RTCAMINHR_H                            
00000c9a  RTCADOWDAY                             
00000c9a  RTCADOWDAY_L                           
00000c9b  RTCADOWDAY_H                           
00000c9c  BIN2BCD                                
00000c9e  BCD2BIN                                
00000ca0  RTCTCCTL0                              
00000ca1  RTCTCCTL1                              
00000ca2  RTCCAP0CTL                             
00000ca3  RTCCAP1CTL                             
00000cb0  RTCSECBAK0                             
00000cb1  RTCMINBAK0                             
00000cb2  RTCHOURBAK0                            
00000cb3  RTCDAYBAK0                             
00000cb4  RTCMONBAK0                             
00000cb6  RTCYEARBAK0                            
00000cb8  RTCSECBAK1                             
00000cb9  RTCMINBAK1                             
00000cba  RTCHOURBAK1                            
00000cbb  RTCDAYBAK1                             
00000cbc  RTCMONBAK1                             
00000cbe  RTCYEARBAK1                            
00001c00  reg_falla_ant                          
00001c36  contador                               
00001c66  reg_corr                               
00001c96  reg_falla                              
00001cc6  reg_rele                               
00001cf6  msg_rcv                                
00001cf8  g1                                     
00001cfa  h1                                     
00001cfc  h2                                     
00001cfe  j3                                     
00001d00  j5                                     
00001d02  init_control_ready                     
00001d04  init_interfaz                          
00001d06  fuente_aux                             
00001d08  fuente_main                            
00001d0a  fuente_aux_ant                         
00001d0c  fuente_main_ant                        
00001d0e  apagar_stat                            
00009b60  _stack                                 
00009c00  __STACK_END                            
0000c000  TIMER1_A0_ISR                          
0000c082  USCI0TX_ISR                            
0000c0a8  _c_int00_noargs                        
0000c0c4  __TI_ISR_TRAP                          
0000c0d8  __TI_Handler_Table_Base                
0000c0e4  __TI_Handler_Table_Limit               
0000c0ea  __TI_CINIT_Base                        
0000c0fa  __TI_CINIT_Limit                       
0000ffc8  __TI_int36                             
0000ffca  __TI_int37                             
0000ffcc  __TI_int38                             
0000ffce  __TI_int39                             
0000ffd0  __TI_int40                             
0000ffd2  __TI_int41                             
0000ffd4  __TI_int42                             
0000ffd6  __TI_int43                             
0000ffd8  __TI_int44                             
0000ffda  __TI_int45                             
0000ffdc  __TI_int46                             
0000ffde  __TI_int47                             
0000ffe0  __TI_int48                             
0000ffe2  __TI_int49                             
0000ffe4  __TI_int50                             
0000ffe6  __TI_int51                             
0000ffe8  __TI_int52                             
0000ffea  __TI_int53                             
0000ffec  __TI_int54                             
0000ffee  __TI_int55                             
0000fff0  __TI_int56                             
0000fff2  __TI_int57                             
0000fff4  __TI_int58                             
0000fff6  __TI_int59                             
0000fff8  __TI_int60                             
0000fffa  __TI_int61                             
0000fffc  __TI_int62                             
0000fffe  _reset_vector                          
00010000  encender_apagar_rele                   
0001036c  main                                   
000106a8  enviar_falla                           
000109c8  __TI_decompress_lzss                   
00010a3e  inicializacion_osciladores             
00010a96  __TI_auto_init_nobinit_nopinit_hold_wdt
00010aea  __TI_zero_init_nomemset                
00010b0e  memcpy                                 
00010b22  __TI_decompress_none                   
00010b34  C$$EXIT                                
00010b34  abort                                  
00010b3a  _system_pre_init                       
00010b3e  _system_post_cinit                     
ffffffff  __TI_pprof_out_hndl                    
ffffffff  __TI_prof_data_size                    
ffffffff  __TI_prof_data_start                   
ffffffff  __c_args__                             

[1075 symbols]
